###############################################################################
#
# IAR ELF Linker V8.32.1.169/W32 for ARM                  03/Dec/2018  01:33:05
# Copyright 2007-2018 IAR Systems AB.
#
#    Output file  =  
#        C:\Users\LaLu\Documents\Embedded_Programming\Lesson 3 _
#        Variables&Pointers\Debug\Exe\Project.out
#    Map file     =  
#        C:\Users\LaLu\Documents\Embedded_Programming\Lesson 3 _
#        Variables&Pointers\Debug\List\Project.map
#    Command line =  
#        -f C:\Users\LaLu\AppData\Local\Temp\EW101B.tmp
#        ("C:\Users\LaLu\Documents\Embedded_Programming\Lesson 3 _
#        Variables&Pointers\Debug\Obj\main.o" --no_out_extension -o
#        "C:\Users\LaLu\Documents\Embedded_Programming\Lesson 3 _
#        Variables&Pointers\Debug\Exe\Project.out" --redirect
#        _Printf=_PrintfFullNoMb --redirect _Scanf=_ScanfFullNoMb --map
#        "C:\Users\LaLu\Documents\Embedded_Programming\Lesson 3 _
#        Variables&Pointers\Debug\List\Project.map" --config "C:\Program Files
#        (x86)\IAR Systems\Embedded Workbench
#        8.2\arm\config\linker\TexasInstruments\LM4F120H5QR.icf" --semihosting
#        --entry __iar_program_start --vfe --text_out locale)
#
###############################################################################

*******************************************************************************
*** RUNTIME MODEL ATTRIBUTES
***

CppFlavor       = *
__SystemLibrary = DLib
__dlib_version  = 6


*******************************************************************************
*** HEAP SELECTION
***

The basic heap was selected because some modules are built with
size limitations (and not runtime checking), and --advanced_heap
was not specified.


*******************************************************************************
*** PLACEMENT SUMMARY
***

"A0":  place at 0x0 { ro section .intvec };
"P1":  place in [from 0x0 to 0x3'ffff] { ro };
define block CSTACK with size = 2K, alignment = 8 { };
define block HEAP with size = 8K, alignment = 8 { };
"P2":  place in [from 0x2000'0000 to 0x2000'7fff] {
          rw, block CSTACK, block HEAP };

  Section          Kind         Address   Size  Object
  -------          ----         -------   ----  ------
"A0":                                     0x40
  .intvec          ro code          0x0   0x40  vector_table_M.o [4]
                                 - 0x40   0x40

"P1":                                    0x110
  .text            ro code         0x40   0x3a  zero_init3.o [4]
  .text            ro code         0x7a    0x2  vector_table_M.o [4]
  .text            ro code         0x7c   0x28  data_init.o [4]
  .text            ro code         0xa4   0x24  main.o [1]
  .text            ro code         0xc8   0x22  fpinit_M.o [3]
  .iar.init_table  const           0xec   0x10  - Linker created -
  .text            ro code         0xfc   0x1e  cmain.o [4]
  .text            ro code        0x11a    0x4  low_level_init.o [2]
  .text            ro code        0x11e    0x4  exit.o [2]
  .text            ro code        0x124    0xa  cexit.o [4]
  .text            ro code        0x130   0x14  exit.o [5]
  .text            ro code        0x144    0xc  cstartup_M.o [4]
  .rodata          const          0x150    0x0  zero_init3.o [4]
                                - 0x150  0x110

"P2", part 1 of 2:                         0x4
  .bss             zero     0x2000'0000    0x4  main.o [1]
                          - 0x2000'0004    0x4

"P2", part 2 of 2:                       0x800
  CSTACK                    0x2000'0008  0x800  <Block>
    CSTACK         uninit   0x2000'0008  0x800  <Block tail>
                          - 0x2000'0808  0x800

Unused ranges:

         From           To      Size
         ----           --      ----
        0x150     0x3'ffff  0x3'feb0
  0x2000'0004  0x2000'0007       0x4
  0x2000'0808  0x2000'7fff    0x77f8


*******************************************************************************
*** INIT TABLE
***

          Address      Size
          -------      ----
Zero (__iar_zero_init3)
    1 destination range, total size 0x4:
          0x2000'0000   0x4



*******************************************************************************
*** MODULE SUMMARY
***

    Module            ro code  ro data  rw data
    ------            -------  -------  -------
command line/config:
    -------------------------------------------
    Total:

C:\Users\LaLu\Documents\Embedded_Programming\Lesson 3 _ Variables&Pointers\Debug\Obj: [1]
    main.o                 36                 4
    -------------------------------------------
    Total:                 36                 4

dl7M_tln.a: [2]
    exit.o                  4
    low_level_init.o        4
    -------------------------------------------
    Total:                  8

m7M_tls.a: [3]
    fpinit_M.o             34
    -------------------------------------------
    Total:                 34

rt7M_tl.a: [4]
    cexit.o                10
    cmain.o                30
    cstartup_M.o           12
    data_init.o            40
    vector_table_M.o       66
    zero_init3.o           58
    -------------------------------------------
    Total:                216

shb_l.a: [5]
    exit.o                 20
    -------------------------------------------
    Total:                 20

    Gaps                    4        2
    Linker created                  16    2 048
-----------------------------------------------
    Grand Total:          318       18    2 052


*******************************************************************************
*** ENTRY LIST
***

Entry                       Address  Size  Type      Object
-----                       -------  ----  ----      ------
.iar.init_table$$Base          0xec         --   Gb  - Linker created -
.iar.init_table$$Limit         0xfc         --   Gb  - Linker created -
?main                          0xfd        Code  Gb  cmain.o [4]
CSTACK$$Base            0x2000'0008         --   Gb  - Linker created -
CSTACK$$Limit           0x2000'0808         --   Gb  - Linker created -
Region$$Table$$Base            0xec         --   Gb  - Linker created -
Region$$Table$$Limit           0xfc         --   Gb  - Linker created -
__cmain                        0xfd        Code  Gb  cmain.o [4]
__exit                        0x131  0x14  Code  Gb  exit.o [5]
__iar_data_init3               0x7d  0x28  Code  Gb  data_init.o [4]
__iar_init_vfp                 0xc9        Code  Gb  fpinit_M.o [3]
__iar_program_start           0x145        Code  Gb  cstartup_M.o [4]
__iar_zero_init3               0x41  0x3a  Code  Gb  zero_init3.o [4]
__low_level_init              0x11b   0x4  Code  Gb  low_level_init.o [2]
__vector_table                  0x0        Data  Gb  vector_table_M.o [4]
_call_main                    0x109        Code  Gb  cmain.o [4]
_exit                         0x125        Code  Gb  cexit.o [4]
_main                         0x117        Code  Gb  cmain.o [4]
counter                 0x2000'0000   0x4  Data  Gb  main.o [1]
exit                          0x11f   0x4  Code  Gb  exit.o [2]
main                           0xa5  0x24  Code  Gb  main.o [1]


[1] = C:\Users\LaLu\Documents\Embedded_Programming\Lesson 3 _ Variables&Pointers\Debug\Obj
[2] = dl7M_tln.a
[3] = m7M_tls.a
[4] = rt7M_tl.a
[5] = shb_l.a

    318 bytes of readonly  code memory
     18 bytes of readonly  data memory
  2 052 bytes of readwrite data memory

Errors: none
Warnings: none
